cargo : warning: unused import: `crate::models::FileChangeEvent`
At line:1 char:1
+ cargo test search_service --no-run > test_output.txt 2>&1
+ ~~~~~~~~~~~~~~~~~~~~~~~~~~~~~~~~~~~~~~~~~~~~~~~~~~~~~~~~~
    + CategoryInfo          : NotSpecified: (warning: unused...ileChangeEvent`:String) [], RemoteExcepti 
   on
    + FullyQualifiedErrorId : NativeCommandError
 
 --> src\routes\ws.rs:1:5
  |
1 | use crate::models::FileChangeEvent;
  |     ^^^^^^^^^^^^^^^^^^^^^^^^^^^^^^
  |
  = note: `#[warn(unused_imports)]` (part of `#[warn(unused)]`) on by default

warning: unused import: `tokio::sync::broadcast`
 --> src\routes\ws.rs:5:5
  |
5 | use tokio::sync::broadcast;
  |     ^^^^^^^^^^^^^^^^^^^^^^

warning: unused import: `walkdir::WalkDir`
 --> src\services\file_service.rs:6:5
  |
6 | use walkdir::WalkDir;
  |     ^^^^^^^^^^^^^^^^

warning: unused import: `warn`
  --> src\watcher\mod.rs:11:28
   |
11 | use tracing::{error, info, warn};
   |                            ^^^^

warning: unused import: `Watcher`
 --> src\watcher\mod.rs:4:67
  |
4 | use notify::{Event, EventKind, RecommendedWatcher, RecursiveMode, Watcher as NotifyWatcher};
  |                                                                   ^^^^^^^

warning: unused variable: `match_start`
   --> src\services\markdown_service.rs:353:21
    |
353 |                 let match_start = full_match.start();
    |                     ^^^^^^^^^^^ help: if this is intentional, prefix it with an underscore: 
`_match_start`
    |
    = note: `#[warn(unused_variables)]` (part of `#[warn(unused)]`) on by default

warning: `obsidian-host` (lib) generated 6 warnings (run `cargo fix --lib -p obsidian-host` to apply 5 
suggestions)
   Compiling obsidian-host v0.1.0 (C:\Users\cyrex\files\projects\obsidian-host)
warning: variable `last_modified` is assigned to, but never used
   --> tests\conflict_tests.rs:223:9
    |
223 |     let mut last_modified = Utc::now();
    |         ^^^^^^^^^^^^^^^^^
    |
    = note: consider using `_last_modified` instead
    = note: `#[warn(unused_variables)]` (part of `#[warn(unused)]`) on by default

warning: value assigned to `last_modified` is never read
   --> tests\conflict_tests.rs:236:9
    |
236 |         last_modified = result.unwrap().modified;
    |         ^^^^^^^^^^^^^^^^^^^^^^^^^^^^^^^^^^^^^^^^
    |
    = help: maybe it is overwritten before being read?
    = note: `#[warn(unused_assignments)]` (part of `#[warn(unused)]`) on by default

warning: unused variable: `data1`
   --> tests\conflict_tests.rs:254:9
    |
254 |     let data1 = FileService::read_file(vault_path, file1).unwrap();
    |         ^^^^^ help: if this is intentional, prefix it with an underscore: `_data1`

error[E0061]: this method takes 4 arguments but 3 arguments were supplied
   --> src\services\search_service.rs:451:29
    |
451 |         let results = index.search("test-vault", "rust", 10).unwrap();
    |                             ^^^^^^-------------------------- argument #4 of type `usize` is missing
    |
note: method defined here
   --> src\services\search_service.rs:102:12
    |
102 |     pub fn search(
    |            ^^^^^^
...
107 |         page_size: usize,
    |         ----------------
help: provide the argument
    |
451 |         let results = index.search("test-vault", "rust", 10, /* usize */).unwrap();
    |                                                            +++++++++++++

error[E0599]: no method named `len` found for struct `PagedSearchResult` in the current scope
   --> src\services\search_service.rs:454:29
    |
454 |         for i in 1..results.len() {
    |                             ^^^ method not found in `PagedSearchResult`
    |
   ::: src\models\mod.rs:97:1
    |
 97 | pub struct PagedSearchResult {
    | ---------------------------- method `len` not found for this struct
    |
    = help: items from traits can only be used if the trait is implemented and in scope
    = note: the following traits define an item `len`, perhaps you need to implement one of them:
            candidate #1: `ExactSizeIterator`
            candidate #2: `IndexedRandom`
            candidate #3: `Row`
            candidate #4: `alloc_no_stdlib::allocated_memory::SliceWrapper`
            candidate #5: `futures_intrusive::buffer::ring_buffer::RingBuf`
            candidate #6: `lzma_rs::decode::lzbuffer::LzBuffer`
            candidate #7: `nom::traits::AsChar`
            candidate #8: `onig::buffers::EncodedChars`
            candidate #9: `range_inclusive::private::IndexedRangeInteger`
            candidate #10: `rayon::iter::IndexedParallelIterator`
            candidate #11: `rayon::range::private::IndexedRangeInteger`
            candidate #12: `ring::hkdf::KeyType`
            candidate #13: `sqlx::Arguments`
            candidate #14: `toml_edit::table::TableLike`
            candidate #15: `typenum::type_operators::Len`
            candidate #16: `winnow::stream::AsChar`
help: one of the expressions' fields has a method of the same name
    |
454 |         for i in 1..results.results.len() {
    |                             ++++++++

error[E0608]: cannot index into a value of type `PagedSearchResult`
   --> src\services\search_service.rs:456:24
    |
456 |                 results[i - 1].score >= results[i].score,
    |                        ^^^^^^^

error[E0608]: cannot index into a value of type `PagedSearchResult`
   --> src\services\search_service.rs:456:48
    |
456 |                 results[i - 1].score >= results[i].score,
    |                                                ^^^

error[E0608]: cannot index into a value of type `PagedSearchResult`
   --> src\services\search_service.rs:458:24
    |
458 |                 results[i - 1].score,
    |                        ^^^^^^^

error[E0608]: cannot index into a value of type `PagedSearchResult`
   --> src\services\search_service.rs:459:24
    |
459 |                 results[i].score
    |                        ^^^

warning: `obsidian-host` (test "conflict_tests") generated 3 warnings (run `cargo fix --test 
"conflict_tests" -p obsidian-host` to apply 1 suggestion)
Some errors have detailed explanations: E0061, E0599, E0608.
For more information about an error, try `rustc --explain E0061`.
warning: `obsidian-host` (lib test) generated 6 warnings (6 duplicates)
error: could not compile `obsidian-host` (lib test) due to 6 previous errors; 6 warnings emitted
warning: build failed, waiting for other jobs to finish...
